abspath is : /home/reporkey/OneDriveUni/csProjct/test/index.html

NOT FOUND FILE at: /home/reporkey/OneDriveUni/csProjct/test/index.html
abspath is : /home/reporkey/OneDriveUni/csProjct/test/index.html

NOT FOUND FILE at: /home/reporkey/OneDriveUni/csProjct/test/index.html
abspath is : /home/reporkey/OneDriveUni/csProjct/test/index.html

NOT FOUND FILE at: /home/reporkey/OneDriveUni/csProjct/test/index.html
abspath is : /home/reporkey/OneDriveUni/csProjct/test/index.html

NOT FOUND FILE at: /home/reporkey/OneDriveUni/csProjct/test/index.html
abspath is : /home/reporkey/OneDriveUni/csProjct/test/index.html

NOT FOUND FILE at: /home/reporkey/OneDriveUni/csProjct/test/index.html
